// Jest Snapshot v1, https://goo.gl/fbAQLP

exports[`<Main /> should render the heading 1`] = `
.c0 {
  color: #696969;
  width: 100%;
  height: 100%;
  padding: 3rem;
  display: -webkit-box;
  display: -webkit-flex;
  display: -ms-flexbox;
  display: flex;
  -webkit-flex-direction: column;
  -ms-flex-direction: column;
  flex-direction: column;
  text-align: center;
  -webkit-align-items: center;
  -webkit-box-align: center;
  -ms-flex-align: center;
  align-items: center;
  -webkit-box-pack: center;
  -webkit-justify-content: center;
  -ms-flex-pack: center;
  justify-content: center;
  background-color: #fff;
}

.c1 {
  height: 36rem;
  margin-bottom: 2rem;
}

.c2 {
  font-size: 5rem;
}

.c3 {
  font-size: 4rem;
  font-weight: 400;
}

<main
  class="c0"
>
  <img
    alt="Next.js Logo in the screen center"
    class="c1"
    src="/img/nextjs.png"
  />
  <h1
    class="c2"
  >
    Next.js Boilerplate
  </h1>
  <p
    class="c3"
  >
    Typescript, React.js, Next.js and Styled Components
  </p>
</main>
`;
